../Core/Src/main.c:102:5:main	8	static
../Core/Src/main.c:148:6:SystemClock_Config	72	static
../Core/Src/main.c:188:13:MX_TIM1_Init	32	static
../Core/Src/main.c:238:13:MX_TIM2_Init	56	static
../Core/Src/main.c:293:13:MX_TIM3_Init	40	static
../Core/Src/main.c:339:13:MX_USART2_UART_Init	8	static
../Core/Src/main.c:372:13:MX_GPIO_Init	40	static
../Core/Src/main.c:428:6:HAL_TIM_PeriodElapsedCallback	104	static
../Core/Src/main.c:505:6:HAL_GPIO_EXTI_Callback	88	static
../Core/Src/main.c:526:6:SelectMuxChannel	24	static
../Core/Src/main.c:547:6:PrintSensorFrequencies	96	static
../Core/Src/main.c:569:6:Error_Handler	4	static,ignoring_inline_asm
