../Core/Src/main.c:100:5:main	8	static
../Core/Src/main.c:145:6:SystemClock_Config	72	static
../Core/Src/main.c:185:13:MX_TIM1_Init	32	static
../Core/Src/main.c:235:13:MX_TIM2_Init	40	static
../Core/Src/main.c:284:13:MX_USART2_UART_Init	8	static
../Core/Src/main.c:317:13:MX_GPIO_Init	40	static
../Core/Src/main.c:373:6:HAL_TIM_PeriodElapsedCallback	248	static
../Core/Src/main.c:477:6:HAL_GPIO_EXTI_Callback	88	static
../Core/Src/main.c:497:6:SelectMuxChannel	24	static
../Core/Src/main.c:518:6:PrintSensorFrequencies	96	static
../Core/Src/main.c:540:6:Error_Handler	4	static,ignoring_inline_asm
